
> professional-business-portfolio@0.0.0 build
> node ./scripts/generate-sitemap.mjs && vite build

Sitemap written to public/sitemap.xml
[36mvite v6.4.1 [32mbuilding for production...[36m[39m
transforming...
[32mΓ£ô[39m 2275 modules transformed.
rendering chunks...
computing gzip size...
[2mdist/[22m[32mindex.html                                [39m[1m[2m  4.38 kB[22m[1m[22m[2m Γöé gzip:   1.55 kB[22m
[2mdist/[22m[35massets/main-yp94eMLP.css                  [39m[1m[2m 65.27 kB[22m[1m[22m[2m Γöé gzip:  10.29 kB[22m
[2mdist/[22m[36massets/arrow-left-DTUx5iSk.js             [39m[1m[2m  0.33 kB[22m[1m[22m[2m Γöé gzip:   0.26 kB[22m
[2mdist/[22m[36massets/DnsmpiModal-DFRYPrCG.js            [39m[1m[2m  1.87 kB[22m[1m[22m[2m Γöé gzip:   0.86 kB[22m
[2mdist/[22m[36massets/ProjectModal-DHg78oDc.js           [39m[1m[2m  2.03 kB[22m[1m[22m[2m Γöé gzip:   0.86 kB[22m
[2mdist/[22m[36massets/ContactPage-1DtAEQKE.js            [39m[1m[2m  2.66 kB[22m[1m[22m[2m Γöé gzip:   0.88 kB[22m
[2mdist/[22m[36massets/AboutPage-DxdMUk9c.js              [39m[1m[2m  3.50 kB[22m[1m[22m[2m Γöé gzip:   1.18 kB[22m
[2mdist/[22m[36massets/Status-Cmm0dfL2.js                 [39m[1m[2m  3.55 kB[22m[1m[22m[2m Γöé gzip:   1.40 kB[22m
[2mdist/[22m[36massets/ProjectsPage-DztzK-pn.js           [39m[1m[2m  3.84 kB[22m[1m[22m[2m Γöé gzip:   1.38 kB[22m
[2mdist/[22m[36massets/react-vendor-BsjYWaTE.js           [39m[1m[2m  3.90 kB[22m[1m[22m[2m Γöé gzip:   1.52 kB[22m
[2mdist/[22m[36massets/Community-C7lxNyi5.js              [39m[1m[2m  3.98 kB[22m[1m[22m[2m Γöé gzip:   1.55 kB[22m
[2mdist/[22m[36massets/DNSMPI-CK53QgjA.js                 [39m[1m[2m  4.19 kB[22m[1m[22m[2m Γöé gzip:   1.36 kB[22m
[2mdist/[22m[36massets/Cookies-DnhD2JpY.js                [39m[1m[2m  4.99 kB[22m[1m[22m[2m Γöé gzip:   2.00 kB[22m
[2mdist/[22m[36massets/Privacy-Co3gDlE5.js                [39m[1m[2m  6.03 kB[22m[1m[22m[2m Γöé gzip:   1.85 kB[22m
[2mdist/[22m[36massets/Docs-dPTUejnH.js                   [39m[1m[2m  6.35 kB[22m[1m[22m[2m Γöé gzip:   1.90 kB[22m
[2mdist/[22m[36massets/Terms-Bw3BzoWB.js                  [39m[1m[2m  6.35 kB[22m[1m[22m[2m Γöé gzip:   2.03 kB[22m
[2mdist/[22m[36massets/CookieModal-DKbr1Y1m.js            [39m[1m[2m  6.37 kB[22m[1m[22m[2m Γöé gzip:   2.24 kB[22m
[2mdist/[22m[36massets/Security-DqW6hkct.js               [39m[1m[2m  6.58 kB[22m[1m[22m[2m Γöé gzip:   2.06 kB[22m
[2mdist/[22m[36massets/SecurityConsulting-412kSwc-.js     [39m[1m[2m  6.62 kB[22m[1m[22m[2m Γöé gzip:   1.71 kB[22m
[2mdist/[22m[36massets/Contact-Ctifi6TI.js                [39m[1m[2m  7.33 kB[22m[1m[22m[2m Γöé gzip:   2.35 kB[22m
[2mdist/[22m[36massets/Services-BEgYyImU.js               [39m[1m[2m  7.50 kB[22m[1m[22m[2m Γöé gzip:   2.41 kB[22m
[2mdist/[22m[36massets/WebDevelopment-CnV0nwKh.js         [39m[1m[2m  7.52 kB[22m[1m[22m[2m Γöé gzip:   2.07 kB[22m
[2mdist/[22m[36massets/SystemArchitecture-DMH6OL0I.js     [39m[1m[2m  7.71 kB[22m[1m[22m[2m Γöé gzip:   1.86 kB[22m
[2mdist/[22m[36massets/CommunityModal-BtfSfK8b.js         [39m[1m[2m  7.99 kB[22m[1m[22m[2m Γöé gzip:   2.27 kB[22m
[2mdist/[22m[36massets/PenetrationTesting-DnSt5z5z.js     [39m[1m[2m  8.16 kB[22m[1m[22m[2m Γöé gzip:   2.11 kB[22m
[2mdist/[22m[36massets/StatusModal-BuPkYMlQ.js            [39m[1m[2m  8.28 kB[22m[1m[22m[2m Γöé gzip:   2.09 kB[22m
[2mdist/[22m[36massets/AuthenticationSystems-CWzqOrar.js  [39m[1m[2m  9.09 kB[22m[1m[22m[2m Γöé gzip:   1.96 kB[22m
[2mdist/[22m[36massets/SecurityModal-BdzKp7Mz.js          [39m[1m[2m  9.72 kB[22m[1m[22m[2m Γöé gzip:   2.59 kB[22m
[2mdist/[22m[36massets/DocumentationModal-BqIXGoUA.js     [39m[1m[2m 10.50 kB[22m[1m[22m[2m Γöé gzip:   2.58 kB[22m
[2mdist/[22m[36massets/TermsModal-X5hrv4pP.js             [39m[1m[2m 10.92 kB[22m[1m[22m[2m Γöé gzip:   2.79 kB[22m
[2mdist/[22m[36massets/CodeAuditing-B0GxPc04.js           [39m[1m[2m 11.23 kB[22m[1m[22m[2m Γöé gzip:   2.25 kB[22m
[2mdist/[22m[36massets/PrivacyModal-DcsPhYr6.js           [39m[1m[2m 11.95 kB[22m[1m[22m[2m Γöé gzip:   3.06 kB[22m
[2mdist/[22m[36massets/HomePage-UDtwyvu_.js               [39m[1m[2m 17.79 kB[22m[1m[22m[2m Γöé gzip:   5.16 kB[22m
[2mdist/[22m[36massets/Blog-ClKz7Zij.js                   [39m[1m[2m 25.08 kB[22m[1m[22m[2m Γöé gzip:   6.97 kB[22m
[2mdist/[22m[36massets/framer-motion-DSneEraj.js          [39m[1m[2m128.94 kB[22m[1m[22m[2m Γöé gzip:  43.15 kB[22m
[2mdist/[22m[36massets/google-genai-ClllEDOj.js           [39m[1m[2m271.35 kB[22m[1m[22m[2m Γöé gzip:  53.79 kB[22m
[2mdist/[22m[36massets/main-CLpissoY.js                   [39m[1m[2m272.26 kB[22m[1m[22m[2m Γöé gzip:  86.29 kB[22m
[2mdist/[22m[36massets/BlogPost-Db1vjFtF.js               [39m[1m[2m338.26 kB[22m[1m[22m[2m Γöé gzip: 104.17 kB[22m
[2mdist/[22m[36massets/Admin-D-IAw5-L.js                  [39m[1m[2m493.43 kB[22m[1m[22m[2m Γöé gzip: 114.55 kB[22m
[32mΓ£ô built in 31.31s[39m
